package api

import (
	"net/http"
)

type errorBody struct {
	Error string `json:"error"`
	Code  string `json:"code,omitempty"`
}

// writeJSONError is internal/api's, in its shape before X1: the rewrite
// turns its body into writeJSON.
func writeJSONError(w http.ResponseWriter, status int, message string) {
	writeJSON(w, status, errorBody{Error: message})
}
